{
  "version": "1.5.0",
  "plugins_used": [
    {
      "name": "ArtifactoryDetector"
    },
    {
      "name": "AWSKeyDetector"
    },
    {
      "name": "AzureStorageKeyDetector"
    },
    {
      "name": "Base64HighEntropyString",
      "limit": 4.5
    },
    {
      "name": "BasicAuthDetector"
    },
    {
      "name": "CloudantDetector"
    },
    {
      "name": "DiscordBotTokenDetector"
    },
    {
      "name": "GitHubTokenDetector"
    },
    {
      "name": "GitLabTokenDetector"
    },
    {
      "name": "HexHighEntropyString",
      "limit": 3.0
    },
    {
      "name": "IbmCloudIamDetector"
    },
    {
      "name": "IbmCosHmacDetector"
    },
    {
      "name": "IPPublicDetector"
    },
    {
      "name": "JwtTokenDetector"
    },
    {
      "name": "KeywordDetector",
      "keyword_exclude": ""
    },
    {
      "name": "MailchimpDetector"
    },
    {
      "name": "NpmDetector"
    },
    {
      "name": "OpenAIDetector"
    },
    {
      "name": "PrivateKeyDetector"
    },
    {
      "name": "PypiTokenDetector"
    },
    {
      "name": "SendGridDetector"
    },
    {
      "name": "SlackDetector"
    },
    {
      "name": "SoftlayerDetector"
    },
    {
      "name": "SquareOAuthDetector"
    },
    {
      "name": "StripeDetector"
    },
    {
      "name": "TelegramBotTokenDetector"
    },
    {
      "name": "TwilioKeyDetector"
    }
  ],
  "filters_used": [
    {
      "path": "detect_secrets.filters.allowlist.is_line_allowlisted"
    },
    {
      "path": "detect_secrets.filters.common.is_baseline_file",
      "filename": ".secrets.baseline"
    },
    {
      "path": "detect_secrets.filters.common.is_ignored_due_to_verification_policies",
      "min_level": 2
    },
    {
      "path": "detect_secrets.filters.heuristic.is_indirect_reference"
    },
    {
      "path": "detect_secrets.filters.heuristic.is_likely_id_string"
    },
    {
      "path": "detect_secrets.filters.heuristic.is_lock_file"
    },
    {
      "path": "detect_secrets.filters.heuristic.is_not_alphanumeric_string"
    },
    {
      "path": "detect_secrets.filters.heuristic.is_potential_uuid"
    },
    {
      "path": "detect_secrets.filters.heuristic.is_prefixed_with_dollar_sign"
    },
    {
      "path": "detect_secrets.filters.heuristic.is_sequential_string"
    },
    {
      "path": "detect_secrets.filters.heuristic.is_swagger_file"
    },
    {
      "path": "detect_secrets.filters.heuristic.is_templated_secret"
    },
    {
      "path": "detect_secrets.filters.regex.should_exclude_file",
      "pattern": [
        "(^uv\\.lock$|^\\.superpowers/)"
      ]
    }
  ],
  "results": {
    ".github/workflows/ci.yml": [
      {
        "type": "Secret Keyword",
        "filename": ".github/workflows/ci.yml",
        "hashed_secret": "3f006d7674c6183d6a928d96957f4a987308ea41",
        "is_verified": false,
        "line_number": 70
      },
      {
        "type": "Basic Auth Credentials",
        "filename": ".github/workflows/ci.yml",
        "hashed_secret": "3f006d7674c6183d6a928d96957f4a987308ea41",
        "is_verified": false,
        "line_number": 79
      },
      {
        "type": "Secret Keyword",
        "filename": ".github/workflows/ci.yml",
        "hashed_secret": "0bf319296da126a49197d4aab95bada5cafe6e08",
        "is_verified": false,
        "line_number": 116
      }
    ],
    "compose.yaml": [
      {
        "type": "Secret Keyword",
        "filename": "compose.yaml",
        "hashed_secret": "3f006d7674c6183d6a928d96957f4a987308ea41",
        "is_verified": false,
        "line_number": 7
      }
    ],
    "docs/superpowers/plans/2026-08-02-maais-phase-0-baseline-safety.md": [
      {
        "type": "Basic Auth Credentials",
        "filename": "docs/superpowers/plans/2026-08-02-maais-phase-0-baseline-safety.md",
        "hashed_secret": "3f006d7674c6183d6a928d96957f4a987308ea41",
        "is_verified": false,
        "line_number": 232
      },
      {
        "type": "Secret Keyword",
        "filename": "docs/superpowers/plans/2026-08-02-maais-phase-0-baseline-safety.md",
        "hashed_secret": "a62f2225bf70bfaccbc7f1ef2a397836717377de",
        "is_verified": false,
        "line_number": 308
      },
      {
        "type": "Secret Keyword",
        "filename": "docs/superpowers/plans/2026-08-02-maais-phase-0-baseline-safety.md",
        "hashed_secret": "e5e9fa1ba31ecd1ae84f75caaa474f3a663f05f4",
        "is_verified": false,
        "line_number": 309
      }
    ],
    "docs/superpowers/plans/2026-08-02-maais-phase-1-event-ledger.md": [
      {
        "type": "Basic Auth Credentials",
        "filename": "docs/superpowers/plans/2026-08-02-maais-phase-1-event-ledger.md",
        "hashed_secret": "3f006d7674c6183d6a928d96957f4a987308ea41",
        "is_verified": false,
        "line_number": 419
      }
    ],
    "tests/fixtures/platform/dashboard-assets.json": [
      {
        "type": "Hex High Entropy String",
        "filename": "tests/fixtures/platform/dashboard-assets.json",
        "hashed_secret": "244f421f896bdcdd2784dccf4eaf7c8dfd5189b5",
        "is_verified": false,
        "line_number": 5
      }
    ],
    "tests/test_execution_safety.py": [
      {
        "type": "Secret Keyword",
        "filename": "tests/test_execution_safety.py",
        "hashed_secret": "a62f2225bf70bfaccbc7f1ef2a397836717377de",
        "is_verified": false,
        "line_number": 38
      },
      {
        "type": "Secret Keyword",
        "filename": "tests/test_execution_safety.py",
        "hashed_secret": "e5e9fa1ba31ecd1ae84f75caaa474f3a663f05f4",
        "is_verified": false,
        "line_number": 39
      }
    ]
  },
  "generated_at": "2026-08-08T23:28:05Z"
}
